Testing voice: es-ES-ElviraNeural
Speech synthesized for text [El número de teléfono de la oficina Avenida de las Pruebas es seis cinco cinco, cuatro dos, tres uno, uno cuatro. Se lo repito. Seis cinco cinco, cuatro dos, tres uno, uno cuatro.] and saved to output-es-ES-ElviraNeural.mp3
Execution time: 1.18 seconds
Finished testing voice: es-ES-ElviraNeural

Testing voice: es-ES-AlvaroNeural
Speech synthesized for text [El número de teléfono de la oficina Avenida de las Pruebas es seis cinco cinco, cuatro dos, tres uno, uno cuatro. Se lo repito. Seis cinco cinco, cuatro dos, tres uno, uno cuatro.] and saved to output-es-ES-AlvaroNeural.mp3
Execution time: 0.47 seconds
Finished testing voice: es-ES-AlvaroNeural

Testing voice: es-ES-AbrilNeural
Speech synthesized for text [El número de teléfono de la oficina Avenida de las Pruebas es seis cinco cinco, cuatro dos, tres uno, uno cuatro. Se lo repito. Seis cinco cinco, cuatro dos, tres uno, uno cuatro.] and saved to output-es-ES-AbrilNeural.mp3
Execution time: 0.45 seconds
Finished testing voice: es-ES-AbrilNeural

Testing voice: es-ES-ArnauNeural
Speech synthesized for text [El número de teléfono de la oficina Avenida de las Pruebas es seis cinco cinco, cuatro dos, tres uno, uno cuatro. Se lo repito. Seis cinco cinco, cuatro dos, tres uno, uno cuatro.] and saved to output-es-ES-ArnauNeural.mp3
Execution time: 0.50 seconds
Finished testing voice: es-ES-ArnauNeural

Testing voice: es-ES-DarioNeural
Speech synthesized for text [El número de teléfono de la oficina Avenida de las Pruebas es seis cinco cinco, cuatro dos, tres uno, uno cuatro. Se lo repito. Seis cinco cinco, cuatro dos, tres uno, uno cuatro.] and saved to output-es-ES-DarioNeural.mp3
Execution time: 0.46 seconds
Finished testing voice: es-ES-DarioNeural

Testing voice: es-ES-EliasNeural
Speech synthesized for text [El número de teléfono de la oficina Avenida de las Pruebas es seis cinco cinco, cuatro dos, tres uno, uno cuatro. Se lo repito. Seis cinco cinco, cuatro dos, tres uno, uno cuatro.] and saved to output-es-ES-EliasNeural.mp3
Execution time: 0.43 seconds
Finished testing voice: es-ES-EliasNeural

Testing voice: es-ES-EstrellaNeural
Speech synthesized for text [El número de teléfono de la oficina Avenida de las Pruebas es seis cinco cinco, cuatro dos, tres uno, uno cuatro. Se lo repito. Seis cinco cinco, cuatro dos, tres uno, uno cuatro.] and saved to output-es-ES-EstrellaNeural.mp3
Execution time: 0.47 seconds
Finished testing voice: es-ES-EstrellaNeural

Testing voice: es-ES-IreneNeural
Speech synthesized for text [El número de teléfono de la oficina Avenida de las Pruebas es seis cinco cinco, cuatro dos, tres uno, uno cuatro. Se lo repito. Seis cinco cinco, cuatro dos, tres uno, uno cuatro.] and saved to output-es-ES-IreneNeural.mp3
Execution time: 0.49 seconds
Finished testing voice: es-ES-IreneNeural

Testing voice: es-ES-LaiaNeural
Speech synthesized for text [El número de teléfono de la oficina Avenida de las Pruebas es seis cinco cinco, cuatro dos, tres uno, uno cuatro. Se lo repito. Seis cinco cinco, cuatro dos, tres uno, uno cuatro.] and saved to output-es-ES-LaiaNeural.mp3
Execution time: 0.52 seconds
Finished testing voice: es-ES-LaiaNeural

Testing voice: es-ES-LiaNeural
Speech synthesized for text [El número de teléfono de la oficina Avenida de las Pruebas es seis cinco cinco, cuatro dos, tres uno, uno cuatro. Se lo repito. Seis cinco cinco, cuatro dos, tres uno, uno cuatro.] and saved to output-es-ES-LiaNeural.mp3
Execution time: 0.49 seconds
Finished testing voice: es-ES-LiaNeural

Testing voice: es-ES-NilNeural
Speech synthesized for text [El número de teléfono de la oficina Avenida de las Pruebas es seis cinco cinco, cuatro dos, tres uno, uno cuatro. Se lo repito. Seis cinco cinco, cuatro dos, tres uno, uno cuatro.] and saved to output-es-ES-NilNeural.mp3
Execution time: 0.47 seconds
Finished testing voice: es-ES-NilNeural

Testing voice: es-ES-SaulNeural
Speech synthesized for text [El número de teléfono de la oficina Avenida de las Pruebas es seis cinco cinco, cuatro dos, tres uno, uno cuatro. Se lo repito. Seis cinco cinco, cuatro dos, tres uno, uno cuatro.] and saved to output-es-ES-SaulNeural.mp3
Execution time: 0.45 seconds
Finished testing voice: es-ES-SaulNeural

Testing voice: es-ES-TeoNeural
Speech synthesized for text [El número de teléfono de la oficina Avenida de las Pruebas es seis cinco cinco, cuatro dos, tres uno, uno cuatro. Se lo repito. Seis cinco cinco, cuatro dos, tres uno, uno cuatro.] and saved to output-es-ES-TeoNeural.mp3
Execution time: 0.37 seconds
Finished testing voice: es-ES-TeoNeural

Testing voice: es-ES-TrianaNeural
Speech synthesized for text [El número de teléfono de la oficina Avenida de las Pruebas es seis cinco cinco, cuatro dos, tres uno, uno cuatro. Se lo repito. Seis cinco cinco, cuatro dos, tres uno, uno cuatro.] and saved to output-es-ES-TrianaNeural.mp3
Execution time: 0.45 seconds
Finished testing voice: es-ES-TrianaNeural

Testing voice: es-ES-VeraNeural
Speech synthesized for text [El número de teléfono de la oficina Avenida de las Pruebas es seis cinco cinco, cuatro dos, tres uno, uno cuatro. Se lo repito. Seis cinco cinco, cuatro dos, tres uno, uno cuatro.] and saved to output-es-ES-VeraNeural.mp3
Execution time: 0.46 seconds
Finished testing voice: es-ES-VeraNeural

Testing voice: es-ES-XimenaNeural
Speech synthesized for text [El número de teléfono de la oficina Avenida de las Pruebas es seis cinco cinco, cuatro dos, tres uno, uno cuatro. Se lo repito. Seis cinco cinco, cuatro dos, tres uno, uno cuatro.] and saved to output-es-ES-XimenaNeural.mp3
Execution time: 0.44 seconds
Finished testing voice: es-ES-XimenaNeural

Testing voice: es-ES-Tristan:DragonHDLatestNeural
Speech synthesized for text [El número de teléfono de la oficina Avenida de las Pruebas es seis cinco cinco, cuatro dos, tres uno, uno cuatro. Se lo repito. Seis cinco cinco, cuatro dos, tres uno, uno cuatro.] and saved to output-es-ES-Tristan:DragonHDLatestNeural.mp3
Execution time: 2.71 seconds
Finished testing voice: es-ES-Tristan:DragonHDLatestNeural

Testing voice: es-ES-Ximena:DragonHDLatestNeural
Speech synthesized for text [El número de teléfono de la oficina Avenida de las Pruebas es seis cinco cinco, cuatro dos, tres uno, uno cuatro. Se lo repito. Seis cinco cinco, cuatro dos, tres uno, uno cuatro.] and saved to output-es-ES-Ximena:DragonHDLatestNeural.mp3
Execution time: 2.61 seconds
Finished testing voice: es-ES-Ximena:DragonHDLatestNeural

Testing voice: ca-ES-JoanaNeural
Speech synthesized for text [El número de telèfon de l'oficina Avinguda de les Proves és sis cinc cinc, quatre dos, tres un, un quatre. Li ho repeteixo. Sis cinc cinc, quatre dos, tres un, un quatre.] and saved to output-ca-ES-JoanaNeural.mp3
Execution time: 0.42 seconds
Finished testing voice: ca-ES-JoanaNeural

Testing voice: ca-ES-EnricNeural
Speech synthesized for text [El número de telèfon de l'oficina Avinguda de les Proves és sis cinc cinc, quatre dos, tres un, un quatre. Li ho repeteixo. Sis cinc cinc, quatre dos, tres un, un quatre.] and saved to output-ca-ES-EnricNeural.mp3
Execution time: 0.46 seconds
Finished testing voice: ca-ES-EnricNeural

Testing voice: ca-ES-AlbaNeural
Speech synthesized for text [El número de telèfon de l'oficina Avinguda de les Proves és sis cinc cinc, quatre dos, tres un, un quatre. Li ho repeteixo. Sis cinc cinc, quatre dos, tres un, un quatre.] and saved to output-ca-ES-AlbaNeural.mp3
Execution time: 0.52 seconds
Finished testing voice: ca-ES-AlbaNeural

Testing voice: eu-ES-AinhoaNeural
Speech synthesized for text [Avenida de las Pruebas bulegoko telefono zenbakia sei bost bost, lau bi, hiru bat, bat lau da. Errepikatuko dut. Sei bost bost, lau bi, hiru bat, bat lau.] and saved to output-eu-ES-AinhoaNeural.mp3
Execution time: 0.98 seconds
Finished testing voice: eu-ES-AinhoaNeural

Testing voice: eu-ES-AnderNeural
Speech synthesized for text [Avenida de las Pruebas bulegoko telefono zenbakia sei bost bost, lau bi, hiru bat, bat lau da. Errepikatuko dut. Sei bost bost, lau bi, hiru bat, bat lau.] and saved to output-eu-ES-AnderNeural.mp3
Execution time: 1.67 seconds
Finished testing voice: eu-ES-AnderNeural

Testing voice: gl-ES-SabelaNeural
Speech synthesized for text [O número de teléfono da oficina da Avenida de las Pruebas é seis cinco cinco, catro dous, tres un, un catro. Repetireino. Seis cinco cinco, catro dous, tres un, un catro.] and saved to output-gl-ES-SabelaNeural.mp3
Execution time: 0.89 seconds
Finished testing voice: gl-ES-SabelaNeural

Testing voice: gl-ES-RoiNeural
Speech synthesized for text [O número de teléfono da oficina da Avenida de las Pruebas é seis cinco cinco, catro dous, tres un, un catro. Repetireino. Seis cinco cinco, catro dous, tres un, un catro.] and saved to output-gl-ES-RoiNeural.mp3
Execution time: 1.09 seconds
Finished testing voice: gl-ES-RoiNeural
